06-06 14:15:07.947 16690 16711 I TestRunner: started: horizontal_scroll_content_at_first_position(com.example.dogglers.HorizontalListTests)
06-06 14:15:07.952 16690 16711 W Settings: Setting always_finish_activities has moved from android.provider.Settings.System to android.provider.Settings.Global, returning read-only value.
06-06 14:15:07.967  1263  1314 D SplashScreenView: Build android.window.SplashScreenView{529b3d7 V.E...... ......ID 0,0-0,0}
06-06 14:15:07.967  1263  1314 D SplashScreenView: Icon: view: null drawable: null size: 0
06-06 14:15:07.967  1263  1314 D SplashScreenView: Branding: view: android.view.View{6d744c4 G.ED..... ......I. 0,0-0,0 #10204a6 android:id/splashscreen_branding_view} drawable: null size w: 0 h: 0
06-06 14:15:07.983 16690 16690 D LifecycleMonitor: Lifecycle status change: androidx.test.core.app.InstrumentationActivityInvoker$BootstrapActivity@16fdbfa in: PRE_ON_CREATE
06-06 14:15:07.986 16690 16690 V ActivityScenario: Activity lifecycle changed event received but ignored because the intent does not match. startActivityIntent=Intent { act=android.intent.action.MAIN cat=[android.intent.category.LAUNCHER] cmp=com.example.dogglers/.HorizontalListActivity }, activity.getIntent()=Intent { act=android.intent.action.MAIN cat=[android.intent.category.LAUNCHER] flg=0x10008000 cmp=com.example.dogglers/androidx.test.core.app.InstrumentationActivityInvoker$BootstrapActivity (has extras) }, activity=androidx.test.core.app.InstrumentationActivityInvoker$BootstrapActivity@16fdbfa
06-06 14:15:07.993   356 10043 D goldfish-address-space: claimShared: Ask to claim region [0x3f2b97000 0x3f34fc000]
06-06 14:15:07.996 16690 16690 D LifecycleMonitor: Lifecycle status change: androidx.test.core.app.InstrumentationActivityInvoker$BootstrapActivity@16fdbfa in: CREATED
06-06 14:15:07.996 16690 16690 V ActivityScenario: Activity lifecycle changed event received but ignored because the intent does not match. startActivityIntent=Intent { act=android.intent.action.MAIN cat=[android.intent.category.LAUNCHER] cmp=com.example.dogglers/.HorizontalListActivity }, activity.getIntent()=Intent { act=android.intent.action.MAIN cat=[android.intent.category.LAUNCHER] flg=0x10008000 cmp=com.example.dogglers/androidx.test.core.app.InstrumentationActivityInvoker$BootstrapActivity (has extras) }, activity=androidx.test.core.app.InstrumentationActivityInvoker$BootstrapActivity@16fdbfa
06-06 14:15:07.997 16690 16690 D LifecycleMonitor: Lifecycle status change: androidx.test.core.app.InstrumentationActivityInvoker$BootstrapActivity@16fdbfa in: STARTED
06-06 14:15:07.999 16690 16690 V ActivityScenario: Activity lifecycle changed event received but ignored because the intent does not match. startActivityIntent=Intent { act=android.intent.action.MAIN cat=[android.intent.category.LAUNCHER] cmp=com.example.dogglers/.HorizontalListActivity }, activity.getIntent()=Intent { act=android.intent.action.MAIN cat=[android.intent.category.LAUNCHER] flg=0x10008000 cmp=com.example.dogglers/androidx.test.core.app.InstrumentationActivityInvoker$BootstrapActivity (has extras) }, activity=androidx.test.core.app.InstrumentationActivityInvoker$BootstrapActivity@16fdbfa
06-06 14:15:08.008   356 10043 D goldfish-address-space: claimShared: Ask to claim region [0x3f0000000 0x3f0965000]
06-06 14:15:08.011   356   463 D goldfish-address-space: claimShared: Ask to claim region [0x3f0965000 0x3f12ca000]
06-06 14:15:08.015 16690 16690 D LifecycleMonitor: Lifecycle status change: androidx.test.core.app.InstrumentationActivityInvoker$BootstrapActivity@16fdbfa in: RESUMED
06-06 14:15:08.019 16690 16690 V ActivityScenario: Activity lifecycle changed event received but ignored because the intent does not match. startActivityIntent=Intent { act=android.intent.action.MAIN cat=[android.intent.category.LAUNCHER] cmp=com.example.dogglers/.HorizontalListActivity }, activity.getIntent()=Intent { act=android.intent.action.MAIN cat=[android.intent.category.LAUNCHER] flg=0x10008000 cmp=com.example.dogglers/androidx.test.core.app.InstrumentationActivityInvoker$BootstrapActivity (has extras) }, activity=androidx.test.core.app.InstrumentationActivityInvoker$BootstrapActivity@16fdbfa
06-06 14:15:08.029 16690 16690 D LifecycleMonitor: Lifecycle status change: androidx.test.core.app.InstrumentationActivityInvoker$BootstrapActivity@16fdbfa in: PAUSED
06-06 14:15:08.029 16690 16690 V ActivityScenario: Activity lifecycle changed event received but ignored because the intent does not match. startActivityIntent=Intent { act=android.intent.action.MAIN cat=[android.intent.category.LAUNCHER] cmp=com.example.dogglers/.HorizontalListActivity }, activity.getIntent()=Intent { act=android.intent.action.MAIN cat=[android.intent.category.LAUNCHER] flg=0x10008000 cmp=com.example.dogglers/androidx.test.core.app.InstrumentationActivityInvoker$BootstrapActivity (has extras) }, activity=androidx.test.core.app.InstrumentationActivityInvoker$BootstrapActivity@16fdbfa
06-06 14:15:08.060 16690 16690 D LifecycleMonitor: Lifecycle status change: com.example.dogglers.HorizontalListActivity@48608b4 in: PRE_ON_CREATE
06-06 14:15:08.060  2625  2625 I A       : onApplyWindowInsets: systemWindowInsets=Insets{left=0, top=83, right=0, bottom=132}
06-06 14:15:08.060  2625  2625 I A       : onApplyWindowInsets: systemWindowInsets=Insets{left=0, top=83, right=0, bottom=132}
06-06 14:15:08.062 16690 16690 V ActivityScenario: Activity lifecycle changed event received but ignored because the reported transition was not ON_CREATE while the last known transition was PRE_ON_CREATE
06-06 14:15:08.079  2853  2853 I GsaVoiceInteractionSrv: Handling ACTION_STOP_HOTWORD
06-06 14:15:08.080  2853  2853 E HwDetectorWithState: a: 3
06-06 14:15:08.090 16690 16690 D LifecycleMonitor: Lifecycle status change: com.example.dogglers.HorizontalListActivity@48608b4 in: CREATED
06-06 14:15:08.092 16690 16690 V ActivityScenario: Update currentActivityStage to CREATED, currentActivity=com.example.dogglers.HorizontalListActivity@48608b4
06-06 14:15:08.095 16690 16690 D LifecycleMonitor: Lifecycle status change: com.example.dogglers.HorizontalListActivity@48608b4 in: STARTED
06-06 14:15:08.096 16690 16690 V ActivityScenario: Update currentActivityStage to STARTED, currentActivity=com.example.dogglers.HorizontalListActivity@48608b4
06-06 14:15:08.099 16690 16690 D LifecycleMonitor: Lifecycle status change: com.example.dogglers.HorizontalListActivity@48608b4 in: RESUMED
06-06 14:15:08.099 16690 16690 V ActivityScenario: Update currentActivityStage to RESUMED, currentActivity=com.example.dogglers.HorizontalListActivity@48608b4
06-06 14:15:08.143   356   463 D goldfish-address-space: claimShared: Ask to claim region [0x3f18cd000 0x3f2232000]
06-06 14:15:08.150   356   463 D goldfish-address-space: claimShared: Ask to claim region [0x3f2232000 0x3f2b97000]
06-06 14:15:08.158   356   463 D goldfish-address-space: claimShared: Ask to claim region [0x3f4000000 0x3f4965000]
06-06 14:15:08.176 16690 16690 D RootViewPicker: Root not ready - waiting: 10ms for one to appear.
06-06 14:15:08.195  1845  1845 I GoogleInputMethodService: GoogleInputMethodService.onFinishInput():3420
06-06 14:15:08.196  1845  1845 I GoogleInputMethodService: GoogleInputMethodService.onStartInput():2002
06-06 14:15:08.196  1845  1845 I DeviceUnlockedTag: DeviceUnlockedTag.notifyDeviceLockStatusChanged():31 Notify device unlocked.
06-06 14:15:08.220 16690 16690 I ViewInteraction: Checking 'MatchesViewAssertion{viewMatcher=(view has effective visibility <VISIBLE> and view.getGlobalVisibleRect() to return non-empty rectangle)}' assertion on view an instance of android.widget.TextView and view.getText() with or without transformation to match: is "Tzeitel"
06-06 14:15:08.243 16690 16690 I ViewInteraction: Checking 'MatchesViewAssertion{viewMatcher=(view has effective visibility <VISIBLE> and view.getGlobalVisibleRect() to return non-empty rectangle)}' assertion on view an instance of android.widget.TextView and view.getText() with or without transformation to match: is "7"
06-06 14:15:08.243 16690 16690 E ViewAssertions: '(view has effective visibility <VISIBLE> and view.getGlobalVisibleRect() to return non-empty rectangle)' check could not be performed because view 'an instance of android.widget.TextView and view.getText() with or without transformation to match: is "7"' was not found.
06-06 14:15:08.259 16690 16690 D LifecycleMonitor: Lifecycle status change: com.example.dogglers.HorizontalListActivity@48608b4 in: PAUSED
06-06 14:15:08.259 16690 16690 V ActivityScenario: Update currentActivityStage to PAUSED, currentActivity=com.example.dogglers.HorizontalListActivity@48608b4
06-06 14:15:08.272 16690 16690 D LifecycleMonitor: Lifecycle status change: androidx.test.core.app.InstrumentationActivityInvoker$EmptyActivity@1ac3fbe in: PRE_ON_CREATE
06-06 14:15:08.273 16690 16690 V ActivityScenario: Activity lifecycle changed event received but ignored because the intent does not match. startActivityIntent=Intent { act=android.intent.action.MAIN cat=[android.intent.category.LAUNCHER] cmp=com.example.dogglers/.HorizontalListActivity }, activity.getIntent()=Intent { act=android.intent.action.MAIN cat=[android.intent.category.LAUNCHER] flg=0x10000000 cmp=com.example.dogglers/androidx.test.core.app.InstrumentationActivityInvoker$EmptyActivity }, activity=androidx.test.core.app.InstrumentationActivityInvoker$EmptyActivity@1ac3fbe
06-06 14:15:08.279 16690 16690 D LifecycleMonitor: Lifecycle status change: androidx.test.core.app.InstrumentationActivityInvoker$EmptyActivity@1ac3fbe in: CREATED
06-06 14:15:08.280 16690 16690 V ActivityScenario: Activity lifecycle changed event received but ignored because the intent does not match. startActivityIntent=Intent { act=android.intent.action.MAIN cat=[android.intent.category.LAUNCHER] cmp=com.example.dogglers/.HorizontalListActivity }, activity.getIntent()=Intent { act=android.intent.action.MAIN cat=[android.intent.category.LAUNCHER] flg=0x10000000 cmp=com.example.dogglers/androidx.test.core.app.InstrumentationActivityInvoker$EmptyActivity }, activity=androidx.test.core.app.InstrumentationActivityInvoker$EmptyActivity@1ac3fbe
06-06 14:15:08.281 16690 16690 D LifecycleMonitor: Lifecycle status change: androidx.test.core.app.InstrumentationActivityInvoker$EmptyActivity@1ac3fbe in: STARTED
06-06 14:15:08.281 16690 16690 V ActivityScenario: Activity lifecycle changed event received but ignored because the intent does not match. startActivityIntent=Intent { act=android.intent.action.MAIN cat=[android.intent.category.LAUNCHER] cmp=com.example.dogglers/.HorizontalListActivity }, activity.getIntent()=Intent { act=android.intent.action.MAIN cat=[android.intent.category.LAUNCHER] flg=0x10000000 cmp=com.example.dogglers/androidx.test.core.app.InstrumentationActivityInvoker$EmptyActivity }, activity=androidx.test.core.app.InstrumentationActivityInvoker$EmptyActivity@1ac3fbe
06-06 14:15:08.283 16690 16690 D LifecycleMonitor: Lifecycle status change: androidx.test.core.app.InstrumentationActivityInvoker$EmptyActivity@1ac3fbe in: RESUMED
06-06 14:15:08.284 16690 16690 V ActivityScenario: Activity lifecycle changed event received but ignored because the intent does not match. startActivityIntent=Intent { act=android.intent.action.MAIN cat=[android.intent.category.LAUNCHER] cmp=com.example.dogglers/.HorizontalListActivity }, activity.getIntent()=Intent { act=android.intent.action.MAIN cat=[android.intent.category.LAUNCHER] flg=0x10000000 cmp=com.example.dogglers/androidx.test.core.app.InstrumentationActivityInvoker$EmptyActivity }, activity=androidx.test.core.app.InstrumentationActivityInvoker$EmptyActivity@1ac3fbe
06-06 14:15:08.299   356   463 D goldfish-address-space: claimShared: Ask to claim region [0x3f6835000 0x3f719a000]
06-06 14:15:08.309   356   463 D goldfish-address-space: claimShared: Ask to claim region [0x3fa10a000 0x3faa6f000]
06-06 14:15:08.310   356   463 D goldfish-address-space: claimShared: Ask to claim region [0x3faa6f000 0x3fb3d4000]
06-06 14:15:08.320   680   750 I ActivityTaskManager: Displayed com.example.dogglers/androidx.test.core.app.InstrumentationActivityInvoker$EmptyActivity: +358ms
06-06 14:15:08.360 16690 16690 D LifecycleMonitor: Lifecycle status change: com.example.dogglers.HorizontalListActivity@48608b4 in: STOPPED
06-06 14:15:08.360 16690 16690 V ActivityScenario: Update currentActivityStage to STOPPED, currentActivity=com.example.dogglers.HorizontalListActivity@48608b4
06-06 14:15:08.362 16690 16690 D LifecycleMonitor: Lifecycle status change: com.example.dogglers.HorizontalListActivity@48608b4 in: DESTROYED
06-06 14:15:08.363 16690 16690 V ActivityScenario: Update currentActivityStage to DESTROYED, currentActivity=null
06-06 14:15:08.367   680  2492 W InputManager-JNI: Input channel object '83a3fc4 com.example.dogglers/com.example.dogglers.HorizontalListActivity (client)' was disposed without first being removed with the input manager!
06-06 14:15:08.375 16690 16690 D LifecycleMonitor: Lifecycle status change: androidx.test.core.app.InstrumentationActivityInvoker$EmptyActivity@1ac3fbe in: PAUSED
06-06 14:15:08.376 16690 16690 V ActivityScenario: Activity lifecycle changed event received but ignored because the intent does not match. startActivityIntent=Intent { act=android.intent.action.MAIN cat=[android.intent.category.LAUNCHER] cmp=com.example.dogglers/.HorizontalListActivity }, activity.getIntent()=Intent { act=android.intent.action.MAIN cat=[android.intent.category.LAUNCHER] flg=0x10000000 cmp=com.example.dogglers/androidx.test.core.app.InstrumentationActivityInvoker$EmptyActivity }, activity=androidx.test.core.app.InstrumentationActivityInvoker$EmptyActivity@1ac3fbe
06-06 14:15:08.382 16690 16690 D LifecycleMonitor: Lifecycle status change: androidx.test.core.app.InstrumentationActivityInvoker$EmptyActivity@385804 in: PRE_ON_CREATE
06-06 14:15:08.382 16690 16690 V ActivityScenario: Activity lifecycle changed event received but ignored because the intent does not match. startActivityIntent=Intent { act=android.intent.action.MAIN cat=[android.intent.category.LAUNCHER] cmp=com.example.dogglers/.HorizontalListActivity }, activity.getIntent()=Intent { act=android.intent.action.MAIN cat=[android.intent.category.LAUNCHER] flg=0x10000000 cmp=com.example.dogglers/androidx.test.core.app.InstrumentationActivityInvoker$EmptyActivity }, activity=androidx.test.core.app.InstrumentationActivityInvoker$EmptyActivity@385804
06-06 14:15:08.389 16690 16690 D LifecycleMonitor: Lifecycle status change: androidx.test.core.app.InstrumentationActivityInvoker$EmptyActivity@385804 in: CREATED
06-06 14:15:08.389 16690 16690 V ActivityScenario: Activity lifecycle changed event received but ignored because the intent does not match. startActivityIntent=Intent { act=android.intent.action.MAIN cat=[android.intent.category.LAUNCHER] cmp=com.example.dogglers/.HorizontalListActivity }, activity.getIntent()=Intent { act=android.intent.action.MAIN cat=[android.intent.category.LAUNCHER] flg=0x10000000 cmp=com.example.dogglers/androidx.test.core.app.InstrumentationActivityInvoker$EmptyActivity }, activity=androidx.test.core.app.InstrumentationActivityInvoker$EmptyActivity@385804
06-06 14:15:08.390 16690 16690 D LifecycleMonitor: Lifecycle status change: androidx.test.core.app.InstrumentationActivityInvoker$EmptyActivity@385804 in: STARTED
06-06 14:15:08.390 16690 16690 V ActivityScenario: Activity lifecycle changed event received but ignored because the intent does not match. startActivityIntent=Intent { act=android.intent.action.MAIN cat=[android.intent.category.LAUNCHER] cmp=com.example.dogglers/.HorizontalListActivity }, activity.getIntent()=Intent { act=android.intent.action.MAIN cat=[android.intent.category.LAUNCHER] flg=0x10000000 cmp=com.example.dogglers/androidx.test.core.app.InstrumentationActivityInvoker$EmptyActivity }, activity=androidx.test.core.app.InstrumentationActivityInvoker$EmptyActivity@385804
06-06 14:15:08.392 16690 16690 D LifecycleMonitor: Lifecycle status change: androidx.test.core.app.InstrumentationActivityInvoker$EmptyActivity@385804 in: RESUMED
06-06 14:15:08.393 16690 16690 V ActivityScenario: Activity lifecycle changed event received but ignored because the intent does not match. startActivityIntent=Intent { act=android.intent.action.MAIN cat=[android.intent.category.LAUNCHER] cmp=com.example.dogglers/.HorizontalListActivity }, activity.getIntent()=Intent { act=android.intent.action.MAIN cat=[android.intent.category.LAUNCHER] flg=0x10000000 cmp=com.example.dogglers/androidx.test.core.app.InstrumentationActivityInvoker$EmptyActivity }, activity=androidx.test.core.app.InstrumentationActivityInvoker$EmptyActivity@385804
06-06 14:15:08.407   356   463 D goldfish-address-space: claimShared: Ask to claim region [0x3f8000000 0x3f8965000]
06-06 14:15:08.412   356   463 D goldfish-address-space: claimShared: Ask to claim region [0x3f8965000 0x3f92ca000]
06-06 14:15:08.414   356   463 D goldfish-address-space: claimShared: Ask to claim region [0x3f92ca000 0x3f9c2f000]
06-06 14:15:08.421   680   750 I ActivityTaskManager: Displayed com.example.dogglers/androidx.test.core.app.InstrumentationActivityInvoker$EmptyActivity: +89ms
06-06 14:15:08.428 16690 16690 D LifecycleMonitor: Lifecycle status change: androidx.test.core.app.InstrumentationActivityInvoker$EmptyActivity@1ac3fbe in: STOPPED
06-06 14:15:08.429 16690 16690 V ActivityScenario: Activity lifecycle changed event received but ignored because the intent does not match. startActivityIntent=Intent { act=android.intent.action.MAIN cat=[android.intent.category.LAUNCHER] cmp=com.example.dogglers/.HorizontalListActivity }, activity.getIntent()=Intent { act=android.intent.action.MAIN cat=[android.intent.category.LAUNCHER] flg=0x10000000 cmp=com.example.dogglers/androidx.test.core.app.InstrumentationActivityInvoker$EmptyActivity }, activity=androidx.test.core.app.InstrumentationActivityInvoker$EmptyActivity@1ac3fbe
06-06 14:15:08.441   356   463 D goldfish-address-space: claimShared: Ask to claim region [0x3f5c2f000 0x3f6232000]
06-06 14:15:08.455   680   754 W InputManager-JNI: Input channel object '7b474f7 Splash Screen com.example.dogglers (client)' was disposed without first being removed with the input manager!
06-06 14:15:08.456 16690 16690 D LifecycleMonitor: Lifecycle status change: androidx.test.core.app.InstrumentationActivityInvoker$EmptyActivity@1ac3fbe in: DESTROYED
06-06 14:15:08.456 16690 16690 V ActivityScenario: Activity lifecycle changed event received but ignored because the intent does not match. startActivityIntent=Intent { act=android.intent.action.MAIN cat=[android.intent.category.LAUNCHER] cmp=com.example.dogglers/.HorizontalListActivity }, activity.getIntent()=Intent { act=android.intent.action.MAIN cat=[android.intent.category.LAUNCHER] flg=0x10000000 cmp=com.example.dogglers/androidx.test.core.app.InstrumentationActivityInvoker$EmptyActivity }, activity=androidx.test.core.app.InstrumentationActivityInvoker$EmptyActivity@1ac3fbe
06-06 14:15:08.460   680  2957 W InputManager-JNI: Input channel object 'a48bb8c com.example.dogglers/androidx.test.core.app.InstrumentationActivityInvoker$EmptyActivity (client)' was disposed without first being removed with the input manager!
06-06 14:15:08.464 16690 16690 D LifecycleMonitor: Lifecycle status change: androidx.test.core.app.InstrumentationActivityInvoker$EmptyActivity@385804 in: PAUSED
06-06 14:15:08.464 16690 16690 V ActivityScenario: Activity lifecycle changed event received but ignored because the intent does not match. startActivityIntent=Intent { act=android.intent.action.MAIN cat=[android.intent.category.LAUNCHER] cmp=com.example.dogglers/.HorizontalListActivity }, activity.getIntent()=Intent { act=android.intent.action.MAIN cat=[android.intent.category.LAUNCHER] flg=0x10000000 cmp=com.example.dogglers/androidx.test.core.app.InstrumentationActivityInvoker$EmptyActivity }, activity=androidx.test.core.app.InstrumentationActivityInvoker$EmptyActivity@385804
06-06 14:15:08.487 16690 16711 E TestRunner: failed: horizontal_scroll_content_at_first_position(com.example.dogglers.HorizontalListTests)
06-06 14:15:08.487 16690 16711 E TestRunner: ----- begin exception -----
06-06 14:15:08.489 16690 16711 E TestRunner: androidx.test.espresso.NoMatchingViewException: No views in hierarchy found matching: an instance of android.widget.TextView and view.getText() with or without transformation to match: is "7"
06-06 14:15:08.489 16690 16711 E TestRunner:
06-06 14:15:08.489 16690 16711 E TestRunner: View Hierarchy:
06-06 14:15:08.489 16690 16711 E TestRunner: +>DecorView{id=-1, visibility=VISIBLE, width=1080, height=2280, has-focus=false, has-focusable=true, has-window-focus=true, is-clickable=false, is-enabled=true, is-focused=false, is-focusable=false, is-layout-requested=false, is-selected=false, layout-params={(0,0)(fillxfill) ty=BASE_APPLICATION wanim=0x10302fe
06-06 14:15:08.489 16690 16711 E TestRunner:   fl=LAYOUT_IN_SCREEN LAYOUT_INSET_DECOR SPLIT_TOUCH HARDWARE_ACCELERATED DRAWS_SYSTEM_BAR_BACKGROUNDS
06-06 14:15:08.489 16690 16711 E TestRunner:   pfl=NO_MOVE_ANIMATION FORCE_DRAW_STATUS_BAR_BACKGROUND FIT_INSETS_CONTROLLED
06-06 14:15:08.489 16690 16711 E TestRunner:   bhv=DEFAULT
06-06 14:15:08.489 16690 16711 E TestRunner:   fitSides=}, tag=null, root-is-layout-requested=false, has-input-connection=false, x=0.0, y=0.0, child-count=3}
06-06 14:15:08.489 16690 16711 E TestRunner: |
06-06 14:15:08.489 16690 16711 E TestRunner: +->LinearLayout{id=-1, visibility=VISIBLE, width=1080, height=2148, has-focus=false, has-focusable=true, has-window-focus=true, is-clickable=false, is-enabled=true, is-focused=false, is-focusable=false, is-layout-requested=false, is-selected=false, layout-params=android.widget.FrameLayout$LayoutParams@e4efd61, tag=null, root-is-layout-requested=false, has-input-connection=false, x=0.0, y=0.0, child-count=2}
06-06 14:15:08.489 16690 16711 E TestRunner: |
06-06 14:15:08.489 16690 16711 E TestRunner: +-->ViewStub{id=16908720, res-name=action_mode_bar_stub, visibility=GONE, width=0, height=0, has-focus=false, has-focusable=false, has-window-focus=true, is-clickable=false, is-enabled=true, is-focused=false, is-focusable=false, is-layout-requested=true, is-selected=false, layout-params=android.widget.LinearLayout$LayoutParams@2dba086, tag=null, root-is-layout-requested=false, has-input-connection=false, x=0.0, y=0.0}
06-06 14:15:08.489 16690 16711 E TestRunner: |
06-06 14:15:08.489 16690 16711 E TestRunner: +-->FrameLayout{id=-1, visibility=VISIBLE, width=1080, height=2065, has-focus=false, has-focusable=true, has-window-focus=true, is-clickable=false, is-enabled=true, is-focused=false, is-focusable=false, is-layout-requested=false, is-selected=false, layout-params=android.widget.LinearLayout$LayoutParams@f4d8974, tag=null, root-is-layout-requested=false, has-input-connection=false, x=0.0, y=83.0, child-count=1}
06-06 14:15:08.489 16690 16711 E TestRunner: |
06-06 14:15:08.489 16690 16711 E TestRunner: +--->ActionBarOverlayLayout{id=2131230867, res-name=decor_content_parent, visibility=VISIBLE, width=1080, height=2065, has-focus=false, has-focusable=true, has-window-focus=true, is-clickable=false, is-enabled=true, is-focused=false, is-focusable=false, is-layout-requested=false, is-selected=false, layout-params=android.widget.FrameLayout$LayoutParams@76b86e3, tag=null, root-is-layout-requested=false, has-input-connection=false, x=0.0, y=0.0, child-count=2}
06-06 14:15:08.489 16690 16711 E TestRunner: |
06-06 14:15:08.489 16690 16711 E TestRunner: +---->ContentFrameLayout{id=16908290, res-name=content, visibility=VISIBLE, width=1080, height=1911, has-focus=false, has-focusable=true, has-window-focus=true, is-clickable=false, is-enabled=true, is-focused=false, is-focusable=false, is-layout-requested=false, is-selected=false, layout-params=androidx.appcompat.widget.ActionBarOverlayLayout$LayoutParams@fc0f799, tag=null, root-is-layout-requested=false, has-input-connection=false, x=0.0, y=154.0, child-count=1}
06-06 14:15:08.489 16690 16711 E TestRunner: |
06-06 14:15:08.489 16690 16711 E TestRunner: +----->FrameLayout{id=-1, visibility=VISIBLE, width=1080, height=1911, has-focus=false, has-focusable=true, has-window-focus=true, is-clickable=false, is-enabled=true, is-focused=false, is-focusable=false, is-layout-requested=false, is-selected=false, layout-params=android.widget.FrameLayout$LayoutParams@fc5ae3f, tag=null, root-is-layout-requested=false, has-input-connection=false, x=0.0, y=0.0, child-count=1}
06-06 14:15:08.489 16690 16711 E TestRunner: |
06-06 14:15:08.489 16690 16711 E TestRunner: +------>RecyclerView{id=2131230948, res-name=horizontal_recycler_view, visibility=VISIBLE, width=1080, height=799, has-focus=false, has-focusable=true, has-window-focus=true, is-clickable=false, is-enabled=true, is-focused=false, is-focusable=true, is-layout-requested=false, is-selected=false, layout-params=android.widget.FrameLayout$LayoutParams@8a07455, tag=null, root-is-layout-requested=false, has-input-connection=false, x=0.0, y=556.0, child-count=1}
06-06 14:15:08.489 16690 16711 E TestRunner: |
06-06 14:15:08.489 16690 16711 E TestRunner: +------->MaterialCardView{id=-1, visibility=VISIBLE, width=1036, height=755, has-focus=false, has-focusable=false, has-window-focus=true, is-clickable=false, is-enabled=true, is-focused=false, is-focusable=false, is-layout-requested=false, is-selected=false, layout-params=androidx.recyclerview.widget.RecyclerView$LayoutParams@b70ef5b, tag=null, root-is-layout-requested=false, has-input-connection=false, x=22.0, y=22.0, is-checked=false, child-count=1}
06-06 14:15:08.489 16690 16711 E TestRunner: |
06-06 14:15:08.489 16690 16711 E TestRunner: +-------->ConstraintLayout{id=-1, visibility=VISIBLE, width=1036, height=755, has-focus=false, has-focusable=false, has-window-focus=true, is-clickable=false, is-enabled=true, is-focused=false, is-focusable=false, is-layout-requested=false, is-selected=false, layout-params=android.widget.FrameLayout$LayoutParams@c2037a4, tag=null, root-is-layout-requested=false, has-input-connection=false, x=0.0, y=0.0, child-count=4}
06-06 14:15:08.489 16690 16711 E TestRunner: |
06-06 14:15:08.489 16690 16711 E TestRunner: +--------->AppCompatImageView{id=2131230884, res-name=dogPic, visibility=VISIBLE, width=1036, height=534, has-focus=false, has-focusable=false, has-window-focus=true, is-clickable=false, is-enabled=true, is-focused=false, is-focusable=false, is-layout-requested=false, is-selected=false, layout-params=androidx.constraintlayout.widget.ConstraintLayout$LayoutParams@783d90d, tag=null, root-is-layout-requested=false, has-input-connection=false, x=0.0, y=0.0}
06-06 14:15:08.489 16690 16711 E TestRunner: |
06-06 14:15:08.489 16690 16711 E TestRunner: +--------->MaterialTextView{id=2131231036, res-name=name, visibility=VISIBLE, width=169, height=118, has-focus=false, has-focusable=false, has-window-focus=true, is-clickable=false, is-enabled=true, is-focused=false, is-focusable=false, is-layout-requested=false, is-selected=false, layout-params=androidx.constraintlayout.widget.ConstraintLayout$LayoutParams@c5390c2, tag=null, root-is-layout-requested=false, has-input-connection=false, x=22.0, y=556.0, text=Tzeitel, input-type=0, ime-target=false, has-links=false}
06-06 14:15:08.489 16690 16711 E TestRunner: |
06-06 14:15:08.489 16690 16711 E TestRunner: +--------->MaterialTextView{id=2131230792, res-name=age, visibility=VISIBLE, width=133, height=81, has-focus=false, has-focusable=false, has-window-focus=true, is-clickable=false, is-enabled=true, is-focused=false, is-focusable=false, is-layout-requested=false, is-selected=false, layout-params=androidx.constraintlayout.widget.ConstraintLayout$LayoutParams@dbbeed3, tag=null, root-is-layout-requested=false, has-input-connection=false, x=22.0, y=674.0, text=Age: 7, input-type=0, ime-target=false, has-links=false}
06-06 14:15:08.489 16690 16711 E TestRunner: |
06-06 14:15:08.489 16690 16711 E TestRunner: +--------->MaterialTextView{id=2131230942, res-name=hobbies, visibility=VISIBLE, width=430, height=59, has-focus=false, has-focusable=false, has-window-focus=true, is-clickable=false, is-enabled=true, is-focused=false, is-focusable=false, is-layout-requested=false, is-selected=false, layout-params=androidx.constraintlayout.widget.ConstraintLayout$LayoutParams@5fb2a10, tag=null, root-is-layout-requested=false, has-input-connection=false, x=584.0, y=674.0, text=Hobbies: sunbathing, input-type=0, ime-target=false, has-links=false}
06-06 14:15:08.489 16690 16711 E TestRunner: |
06-06 14:15:08.489 16690 16711 E TestRunner: +---->ActionBarContainer{id=2131230774, res-name=action_bar_container, visibility=VISIBLE, width=1080, height=154, has-focus=false, has-focusable=false, has-window-focus=true, is-clickable=false, is-enabled=true, is-focused=false, is-focusable=false, is-layout-requested=false, is-selected=false, layout-params=androidx.appcompat.widget.ActionBarOverlayLayout$LayoutParams@e4ca52f, tag=null, root-is-layout-requested=false, has-input-connection=false, x=0.0, y=0.0, child-count=2}
06-06 14:15:08.489 16690 16711 E TestRunner: |
06-06 14:15:08.489 16690 16711 E TestRunner: +----->Toolbar{id=2131230772, res-name=action_bar, visibility=VISIBLE, width=1080, height=154, has-focus=false, has-focusable=false, has-window-focus=true, is-clickable=false, is-enabled=true, is-focused=false, is-focusable=false, is-layout-requested=false, is-selected=false, layout-params=android.widget.FrameLayout$LayoutParams@88654b, tag=null, root-is-layout-requested=false, has-input-connection=false, x=0.0, y=0.0, child-count=3}
06-06 14:15:08.489 16690 16711 E TestRunner: |
06-06 14:15:08.490 16690 16711 E TestRunner: +------>AppCompatTextView{id=-1, visibility=VISIBLE, width=225, height=74, has-focus=false, has-focusable=false, has-window-focus=true, is-clickable=false, is-enabled=true, is-focused=false, is-focusable=false, is-layout-requested=false, is-selected=false, layout-params=androidx.appcompat.widget.Toolbar$LayoutParams@bf22b28, tag=null, root-is-layout-requested=false, has-input-connection=false, x=198.0, y=40.0, text=Dogglers, input-type=0, ime-target=false, has-links=false}
06-06 14:15:08.490 16690 16711 E TestRunner: |
06-06 14:15:08.490 16690 16711 E TestRunner: +------>AppCompatImageButton{id=-1, desc=Navigate up, visibility=VISIBLE, width=154, height=154, has-focus=false, has-focusable=false, has-window-focus=true, is-clickable=true, is-enabled=true, is-focused=false, is-focusable=true, is-layout-requested=false, is-selected=false, layout-params=androidx.appcompat.widget.Toolbar$LayoutParams@832c041, tag=null, root-is-layout-requested=false, has-input-connection=false, x=0.0, y=0.0}
06-06 14:15:08.490 16690 16711 E TestRunner: |
06-06 14:15:08.490 16690 16711 E TestRunner: +------>ActionMenuView{id=-1, visibility=VISIBLE, width=0, height=154, has-focus=false, has-focusable=false, has-window-focus=true, is-clickable=false, is-enabled=true, is-focused=false, is-focusable=false, is-layout-requested=false, is-selected=false, layout-params=androidx.appcompat.widget.Toolbar$LayoutParams@775d9e6, tag=null, root-is-layout-requested=false, has-input-connection=false, x=1080.0, y=0.0, child-count=0}
06-06 14:15:08.490 16690 16711 E TestRunner: |
06-06 14:15:08.490 16690 16711 E TestRunner: +----->ActionBarContextView{id=2131230780, res-name=action_context_bar, visibility=GONE, width=0, height=0, has-focus=false, has-focusable=false, has-window-focus=true, is-clickable=false, is-enabled=true, is-focused=false, is-focusable=false, is-layout-requested=true, is-selected=false, layout-params=android.widget.FrameLayout$LayoutParams@3760b27, tag=null, root-is-layout-requested=false, has-input-connection=false, x=0.0, y=0.0, child-count=0}
06-06 14:15:08.490 16690 16711 E TestRunner: |
06-06 14:15:08.490 16690 16711 E TestRunner: +->View{id=16908336, res-name=navigationBarBackground, visibility=VISIBLE, width=1080, height=132, has-focus=false, has-focusable=false, has-window-focus=true, is-clickable=false, is-enabled=true, is-focused=false, is-focusable=false, is-layout-requested=false, is-selected=false, layout-params=android.widget.FrameLayout$LayoutParams@7d2d1d4, tag=null, root-is-layout-requested=false, has-input-connection=false, x=0.0, y=2148.0}
06-06 14:15:08.490 16690 16711 E TestRunner: |
06-06 14:15:08.490 16690 16711 E TestRunner: +->View{id=16908335, res-name=statusBarBackground, visibility=VISIBLE, width=1080, height=83, has-focus=false, has-focusable=false, has-window-focus=true, is-clickable=false, is-enabled=true, is-focused=false, is-focusable=false, is-layout-requested=false, is-selected=false, layout-params=android.widget.FrameLayout$LayoutParams@eaa1f7d, tag=null, root-is-layout-requested=false, has-input-connection=false, x=0.0, y=0.0}
06-06 14:15:08.490 16690 16711 E TestRunner: 	at dalvik.system.VMStack.getThreadStackTrace(Native Method)
06-06 14:15:08.490 16690 16711 E TestRunner: 	at java.lang.Thread.getStackTrace(Thread.java:1724)
06-06 14:15:08.490 16690 16711 E TestRunner: 	at androidx.test.espresso.base.DefaultFailureHandler.getUserFriendlyError(DefaultFailureHandler.java:12)
06-06 14:15:08.490 16690 16711 E TestRunner: 	at androidx.test.espresso.base.DefaultFailureHandler.handle(DefaultFailureHandler.java:7)
06-06 14:15:08.490 16690 16711 E TestRunner: 	at androidx.test.espresso.ViewInteraction.waitForAndHandleInteractionResults(ViewInteraction.java:8)
06-06 14:15:08.490 16690 16711 E TestRunner: 	at androidx.test.espresso.ViewInteraction.check(ViewInteraction.java:12)
06-06 14:15:08.490 16690 16711 E TestRunner: 	at com.example.dogglers.BaseTest.hasListItemContent(BaseTest.kt:59)
06-06 14:15:08.490 16690 16711 E TestRunner: 	at com.example.dogglers.BaseTest.checkFirstPosition(BaseTest.kt:70)
06-06 14:15:08.490 16690 16711 E TestRunner: 	at com.example.dogglers.HorizontalListTests.horizontal_scroll_content_at_first_position(HorizontalListTests.kt:42)
06-06 14:15:08.490 16690 16711 E TestRunner: 	at java.lang.reflect.Method.invoke(Native Method)
06-06 14:15:08.490 16690 16711 E TestRunner: 	at org.junit.runners.model.FrameworkMethod$1.runReflectiveCall(FrameworkMethod.java:50)
06-06 14:15:08.490 16690 16711 E TestRunner: 	at org.junit.internal.runners.model.ReflectiveCallable.run(ReflectiveCallable.java:12)
06-06 14:15:08.490 16690 16711 E TestRunner: 	at org.junit.runners.model.FrameworkMethod.invokeExplosively(FrameworkMethod.java:47)
06-06 14:15:08.490 16690 16711 E TestRunner: 	at org.junit.internal.runners.statements.InvokeMethod.evaluate(InvokeMethod.java:17)
06-06 14:15:08.490 16690 16711 E TestRunner: 	at org.junit.rules.ExternalResource$1.evaluate(ExternalResource.java:48)
06-06 14:15:08.490 16690 16711 E TestRunner: 	at org.junit.rules.RunRules.evaluate(RunRules.java:20)
06-06 14:15:08.490 16690 16711 E TestRunner: 	at org.junit.runners.ParentRunner.runLeaf(ParentRunner.java:325)
06-06 14:15:08.490 16690 16711 E TestRunner: 	at org.junit.runners.BlockJUnit4ClassRunner.runChild(BlockJUnit4ClassRunner.java:78)
06-06 14:15:08.490 16690 16711 E TestRunner: 	at org.junit.runners.BlockJUnit4ClassRunner.runChild(BlockJUnit4ClassRunner.java:57)
06-06 14:15:08.490 16690 16711 E TestRunner: 	at org.junit.runners.ParentRunner$3.run(ParentRunner.java:290)
06-06 14:15:08.490 16690 16711 E TestRunner: 	at org.junit.runners.ParentRunner$1.schedule(ParentRunner.java:71)
06-06 14:15:08.490 16690 16711 E TestRunner: 	at org.junit.runners.ParentRunner.runChildren(ParentRunner.java:288)
06-06 14:15:08.490 16690 16711 E TestRunner: 	at org.junit.runners.ParentRunner.access$000(ParentRunner.java:58)
06-06 14:15:08.490 16690 16711 E TestRunner: 	at org.junit.runners.ParentRunner$2.evaluate(ParentRunner.java:268)
06-06 14:15:08.490 16690 16711 E TestRunner: 	at org.junit.runners.ParentRunner.run(ParentRunner.java:363)
06-06 14:15:08.490 16690 16711 E TestRunner: 	at androidx.test.ext.junit.runners.AndroidJUnit4.run(AndroidJUnit4.java:162)
06-06 14:15:08.490 16690 16711 E TestRunner: 	at org.junit.runners.Suite.runChild(Suite.java:128)
06-06 14:15:08.490 16690 16711 E TestRunner: 	at org.junit.runners.Suite.runChild(Suite.java:27)
06-06 14:15:08.490 16690 16711 E TestRunner: 	at org.junit.runners.ParentRunner$3.run(ParentRunner.java:290)
06-06 14:15:08.490 16690 16711 E TestRunner: 	at org.junit.runners.ParentRunner$1.schedule(ParentRunner.java:71)
06-06 14:15:08.490 16690 16711 E TestRunner: 	at org.junit.runners.ParentRunner.runChildren(ParentRunner.java:288)
06-06 14:15:08.490 16690 16711 E TestRunner: 	at org.junit.runners.ParentRunner.access$000(ParentRunner.java:58)
06-06 14:15:08.490 16690 16711 E TestRunner: 	at org.junit.runners.ParentRunner$2.evaluate(ParentRunner.java:268)
06-06 14:15:08.490 16690 16711 E TestRunner: 	at org.junit.runners.ParentRunner.run(ParentRunner.java:363)
06-06 14:15:08.490 16690 16711 E TestRunner: 	at org.junit.runner.JUnitCore.run(JUnitCore.java:137)
06-06 14:15:08.490 16690 16711 E TestRunner: 	at org.junit.runner.JUnitCore.run(JUnitCore.java:115)
06-06 14:15:08.490 16690 16711 E TestRunner: 	at androidx.test.internal.runner.TestExecutor.execute(TestExecutor.java:56)
06-06 14:15:08.490 16690 16711 E TestRunner: 	at androidx.test.runner.AndroidJUnitRunner.onStart(AndroidJUnitRunner.java:444)
06-06 14:15:08.490 16690 16711 E TestRunner: 	at android.app.Instrumentation$InstrumentationThread.run(Instrumentation.java:2248)
06-06 14:15:08.491 16690 16711 E TestRunner: ----- end exception -----
06-06 14:15:08.495 16690 16711 I TestRunner: finished: horizontal_scroll_content_at_first_position(com.example.dogglers.HorizontalListTests)
