06-06 14:15:06.795 16690 16711 I TestRunner: started: horizontal_scroll_content_at_last_position(com.example.dogglers.HorizontalListTests)
06-06 14:15:06.803 16690 16711 W Settings: Setting always_finish_activities has moved from android.provider.Settings.System to android.provider.Settings.Global, returning read-only value.
06-06 14:15:06.822  1263  1314 D SplashScreenView: Build android.window.SplashScreenView{3b28000 V.E...... ......ID 0,0-0,0}
06-06 14:15:06.822  1263  1314 D SplashScreenView: Icon: view: null drawable: null size: 0
06-06 14:15:06.822  1263  1314 D SplashScreenView: Branding: view: android.view.View{600b039 G.ED..... ......I. 0,0-0,0 #10204a6 android:id/splashscreen_branding_view} drawable: null size w: 0 h: 0
06-06 14:15:06.840 16690 16690 D LifecycleMonitor: Lifecycle status change: androidx.test.core.app.InstrumentationActivityInvoker$BootstrapActivity@9883f01 in: PRE_ON_CREATE
06-06 14:15:06.841 16690 16690 V ActivityScenario: Activity lifecycle changed event received but ignored because the intent does not match. startActivityIntent=Intent { act=android.intent.action.MAIN cat=[android.intent.category.LAUNCHER] cmp=com.example.dogglers/.HorizontalListActivity }, activity.getIntent()=Intent { act=android.intent.action.MAIN cat=[android.intent.category.LAUNCHER] flg=0x10008000 cmp=com.example.dogglers/androidx.test.core.app.InstrumentationActivityInvoker$BootstrapActivity (has extras) }, activity=androidx.test.core.app.InstrumentationActivityInvoker$BootstrapActivity@9883f01
06-06 14:15:06.847   356 10043 D goldfish-address-space: claimShared: Ask to claim region [0x3f1c2f000 0x3f2594000]
06-06 14:15:06.849 16690 16690 D LifecycleMonitor: Lifecycle status change: androidx.test.core.app.InstrumentationActivityInvoker$BootstrapActivity@9883f01 in: CREATED
06-06 14:15:06.849 16690 16690 V ActivityScenario: Activity lifecycle changed event received but ignored because the intent does not match. startActivityIntent=Intent { act=android.intent.action.MAIN cat=[android.intent.category.LAUNCHER] cmp=com.example.dogglers/.HorizontalListActivity }, activity.getIntent()=Intent { act=android.intent.action.MAIN cat=[android.intent.category.LAUNCHER] flg=0x10008000 cmp=com.example.dogglers/androidx.test.core.app.InstrumentationActivityInvoker$BootstrapActivity (has extras) }, activity=androidx.test.core.app.InstrumentationActivityInvoker$BootstrapActivity@9883f01
06-06 14:15:06.851 16690 16690 D LifecycleMonitor: Lifecycle status change: androidx.test.core.app.InstrumentationActivityInvoker$BootstrapActivity@9883f01 in: STARTED
06-06 14:15:06.852 16690 16690 V ActivityScenario: Activity lifecycle changed event received but ignored because the intent does not match. startActivityIntent=Intent { act=android.intent.action.MAIN cat=[android.intent.category.LAUNCHER] cmp=com.example.dogglers/.HorizontalListActivity }, activity.getIntent()=Intent { act=android.intent.action.MAIN cat=[android.intent.category.LAUNCHER] flg=0x10008000 cmp=com.example.dogglers/androidx.test.core.app.InstrumentationActivityInvoker$BootstrapActivity (has extras) }, activity=androidx.test.core.app.InstrumentationActivityInvoker$BootstrapActivity@9883f01
06-06 14:15:06.858   356 10043 D goldfish-address-space: claimShared: Ask to claim region [0x3f2594000 0x3f2ef9000]
06-06 14:15:06.863   356 10043 D goldfish-address-space: claimShared: Ask to claim region [0x3f2ef9000 0x3f385e000]
06-06 14:15:06.864 16690 16690 D LifecycleMonitor: Lifecycle status change: androidx.test.core.app.InstrumentationActivityInvoker$BootstrapActivity@9883f01 in: RESUMED
06-06 14:15:06.865 16690 16690 V ActivityScenario: Activity lifecycle changed event received but ignored because the intent does not match. startActivityIntent=Intent { act=android.intent.action.MAIN cat=[android.intent.category.LAUNCHER] cmp=com.example.dogglers/.HorizontalListActivity }, activity.getIntent()=Intent { act=android.intent.action.MAIN cat=[android.intent.category.LAUNCHER] flg=0x10008000 cmp=com.example.dogglers/androidx.test.core.app.InstrumentationActivityInvoker$BootstrapActivity (has extras) }, activity=androidx.test.core.app.InstrumentationActivityInvoker$BootstrapActivity@9883f01
06-06 14:15:06.870 16690 16690 D LifecycleMonitor: Lifecycle status change: androidx.test.core.app.InstrumentationActivityInvoker$BootstrapActivity@9883f01 in: PAUSED
06-06 14:15:06.871 16690 16690 V ActivityScenario: Activity lifecycle changed event received but ignored because the intent does not match. startActivityIntent=Intent { act=android.intent.action.MAIN cat=[android.intent.category.LAUNCHER] cmp=com.example.dogglers/.HorizontalListActivity }, activity.getIntent()=Intent { act=android.intent.action.MAIN cat=[android.intent.category.LAUNCHER] flg=0x10008000 cmp=com.example.dogglers/androidx.test.core.app.InstrumentationActivityInvoker$BootstrapActivity (has extras) }, activity=androidx.test.core.app.InstrumentationActivityInvoker$BootstrapActivity@9883f01
06-06 14:15:06.882 16690 16690 D LifecycleMonitor: Lifecycle status change: com.example.dogglers.HorizontalListActivity@ce9bb83 in: PRE_ON_CREATE
06-06 14:15:06.883 16690 16690 V ActivityScenario: Activity lifecycle changed event received but ignored because the reported transition was not ON_CREATE while the last known transition was PRE_ON_CREATE
06-06 14:15:06.905 16690 16690 D LifecycleMonitor: Lifecycle status change: com.example.dogglers.HorizontalListActivity@ce9bb83 in: CREATED
06-06 14:15:06.906 16690 16690 V ActivityScenario: Update currentActivityStage to CREATED, currentActivity=com.example.dogglers.HorizontalListActivity@ce9bb83
06-06 14:15:06.909 16690 16690 D LifecycleMonitor: Lifecycle status change: com.example.dogglers.HorizontalListActivity@ce9bb83 in: STARTED
06-06 14:15:06.910 16690 16690 V ActivityScenario: Update currentActivityStage to STARTED, currentActivity=com.example.dogglers.HorizontalListActivity@ce9bb83
06-06 14:15:06.911 16690 16690 D LifecycleMonitor: Lifecycle status change: com.example.dogglers.HorizontalListActivity@ce9bb83 in: RESUMED
06-06 14:15:06.912 16690 16690 V ActivityScenario: Update currentActivityStage to RESUMED, currentActivity=com.example.dogglers.HorizontalListActivity@ce9bb83
06-06 14:15:06.923 16690 16690 D LifecycleMonitor: Lifecycle status change: androidx.test.core.app.InstrumentationActivityInvoker$BootstrapActivity@9883f01 in: STOPPED
06-06 14:15:06.924 16690 16690 V ActivityScenario: Activity lifecycle changed event received but ignored because the intent does not match. startActivityIntent=Intent { act=android.intent.action.MAIN cat=[android.intent.category.LAUNCHER] cmp=com.example.dogglers/.HorizontalListActivity }, activity.getIntent()=Intent { act=android.intent.action.MAIN cat=[android.intent.category.LAUNCHER] flg=0x10008000 cmp=com.example.dogglers/androidx.test.core.app.InstrumentationActivityInvoker$BootstrapActivity (has extras) }, activity=androidx.test.core.app.InstrumentationActivityInvoker$BootstrapActivity@9883f01
06-06 14:15:06.928  2853  2853 I GsaVoiceInteractionSrv: Handling ACTION_STOP_HOTWORD
06-06 14:15:06.928  2853  2853 E HwDetectorWithState: a: 3
06-06 14:15:06.963   356 10043 D goldfish-address-space: claimShared: Ask to claim region [0x3f52ca000 0x3f5c2f000]
06-06 14:15:06.973   356 10043 D goldfish-address-space: claimShared: Ask to claim region [0x3fa10a000 0x3faa6f000]
06-06 14:15:06.985   356 10043 D goldfish-address-space: claimShared: Ask to claim region [0x3faa6f000 0x3fb3d4000]
06-06 14:15:06.996   680   750 I ActivityTaskManager: Displayed com.example.dogglers/.HorizontalListActivity: +173ms
06-06 14:15:06.997 16690 16690 D RootViewPicker: Root not ready - waiting: 10ms for one to appear.
06-06 14:15:07.009  1845  1845 I GoogleInputMethodService: GoogleInputMethodService.onFinishInput():3420
06-06 14:15:07.009  1845  1845 I GoogleInputMethodService: GoogleInputMethodService.onStartInput():2002
06-06 14:15:07.013  1845  1845 I DeviceUnlockedTag: DeviceUnlockedTag.notifyDeviceLockStatusChanged():31 Notify device unlocked.
06-06 14:15:07.037 16690 16690 I ViewInteraction: Performing 'scroll RecyclerView to position: 5' action on view view.getId() is <2131230948/com.example.dogglers:id/horizontal_recycler_view>
06-06 14:15:07.083 16690 16690 I ViewInteraction: Checking 'MatchesViewAssertion{viewMatcher=(view has effective visibility <VISIBLE> and view.getGlobalVisibleRect() to return non-empty rectangle)}' assertion on view an instance of android.widget.TextView and view.getText() with or without transformation to match: is "Bella"
06-06 14:15:07.126 16690 16690 D LifecycleMonitor: Lifecycle status change: com.example.dogglers.HorizontalListActivity@ce9bb83 in: PAUSED
06-06 14:15:07.126 16690 16690 V ActivityScenario: Update currentActivityStage to PAUSED, currentActivity=com.example.dogglers.HorizontalListActivity@ce9bb83
06-06 14:15:07.146 16690 16690 D LifecycleMonitor: Lifecycle status change: androidx.test.core.app.InstrumentationActivityInvoker$EmptyActivity@3ffb09f in: PRE_ON_CREATE
06-06 14:15:07.147 16690 16690 V ActivityScenario: Activity lifecycle changed event received but ignored because the intent does not match. startActivityIntent=Intent { act=android.intent.action.MAIN cat=[android.intent.category.LAUNCHER] cmp=com.example.dogglers/.HorizontalListActivity }, activity.getIntent()=Intent { act=android.intent.action.MAIN cat=[android.intent.category.LAUNCHER] flg=0x10000000 cmp=com.example.dogglers/androidx.test.core.app.InstrumentationActivityInvoker$EmptyActivity }, activity=androidx.test.core.app.InstrumentationActivityInvoker$EmptyActivity@3ffb09f
06-06 14:15:07.152 16690 16690 D LifecycleMonitor: Lifecycle status change: androidx.test.core.app.InstrumentationActivityInvoker$EmptyActivity@3ffb09f in: CREATED
06-06 14:15:07.153 16690 16690 V ActivityScenario: Activity lifecycle changed event received but ignored because the intent does not match. startActivityIntent=Intent { act=android.intent.action.MAIN cat=[android.intent.category.LAUNCHER] cmp=com.example.dogglers/.HorizontalListActivity }, activity.getIntent()=Intent { act=android.intent.action.MAIN cat=[android.intent.category.LAUNCHER] flg=0x10000000 cmp=com.example.dogglers/androidx.test.core.app.InstrumentationActivityInvoker$EmptyActivity }, activity=androidx.test.core.app.InstrumentationActivityInvoker$EmptyActivity@3ffb09f
06-06 14:15:07.155 16690 16690 D LifecycleMonitor: Lifecycle status change: androidx.test.core.app.InstrumentationActivityInvoker$EmptyActivity@3ffb09f in: STARTED
06-06 14:15:07.156 16690 16690 V ActivityScenario: Activity lifecycle changed event received but ignored because the intent does not match. startActivityIntent=Intent { act=android.intent.action.MAIN cat=[android.intent.category.LAUNCHER] cmp=com.example.dogglers/.HorizontalListActivity }, activity.getIntent()=Intent { act=android.intent.action.MAIN cat=[android.intent.category.LAUNCHER] flg=0x10000000 cmp=com.example.dogglers/androidx.test.core.app.InstrumentationActivityInvoker$EmptyActivity }, activity=androidx.test.core.app.InstrumentationActivityInvoker$EmptyActivity@3ffb09f
06-06 14:15:07.160 16690 16690 D LifecycleMonitor: Lifecycle status change: androidx.test.core.app.InstrumentationActivityInvoker$EmptyActivity@3ffb09f in: RESUMED
06-06 14:15:07.160 16690 16690 V ActivityScenario: Activity lifecycle changed event received but ignored because the intent does not match. startActivityIntent=Intent { act=android.intent.action.MAIN cat=[android.intent.category.LAUNCHER] cmp=com.example.dogglers/.HorizontalListActivity }, activity.getIntent()=Intent { act=android.intent.action.MAIN cat=[android.intent.category.LAUNCHER] flg=0x10000000 cmp=com.example.dogglers/androidx.test.core.app.InstrumentationActivityInvoker$EmptyActivity }, activity=androidx.test.core.app.InstrumentationActivityInvoker$EmptyActivity@3ffb09f
06-06 14:15:07.174   356 10043 D goldfish-address-space: claimShared: Ask to claim region [0x3f8000000 0x3f8965000]
06-06 14:15:07.178   356 10043 D goldfish-address-space: claimShared: Ask to claim region [0x3f8965000 0x3f92ca000]
06-06 14:15:07.181   356 10043 D goldfish-address-space: claimShared: Ask to claim region [0x3f92ca000 0x3f9c2f000]
06-06 14:15:07.189   680   754 W InputManager-JNI: Input channel object 'a1bbd77 Splash Screen com.example.dogglers (client)' was disposed without first being removed with the input manager!
06-06 14:15:07.198   680   750 I ActivityTaskManager: Displayed com.example.dogglers/androidx.test.core.app.InstrumentationActivityInvoker$EmptyActivity: +89ms
06-06 14:15:07.210  2625  2625 I A       : onApplyWindowInsets: systemWindowInsets=Insets{left=0, top=83, right=0, bottom=132}
06-06 14:15:07.210  2625  2625 I A       : onApplyWindowInsets: systemWindowInsets=Insets{left=0, top=83, right=0, bottom=132}
06-06 14:15:07.227 16690 16690 D LifecycleMonitor: Lifecycle status change: com.example.dogglers.HorizontalListActivity@ce9bb83 in: STOPPED
06-06 14:15:07.228 16690 16690 V ActivityScenario: Update currentActivityStage to STOPPED, currentActivity=com.example.dogglers.HorizontalListActivity@ce9bb83
06-06 14:15:07.231 16690 16690 D LifecycleMonitor: Lifecycle status change: com.example.dogglers.HorizontalListActivity@ce9bb83 in: DESTROYED
06-06 14:15:07.231 16690 16690 V ActivityScenario: Update currentActivityStage to DESTROYED, currentActivity=null
06-06 14:15:07.236   680  2957 W InputManager-JNI: Input channel object '38fc75f com.example.dogglers/com.example.dogglers.HorizontalListActivity (client)' was disposed without first being removed with the input manager!
06-06 14:15:07.243 16690 16690 D LifecycleMonitor: Lifecycle status change: androidx.test.core.app.InstrumentationActivityInvoker$EmptyActivity@3ffb09f in: PAUSED
06-06 14:15:07.244 16690 16690 V ActivityScenario: Activity lifecycle changed event received but ignored because the intent does not match. startActivityIntent=Intent { act=android.intent.action.MAIN cat=[android.intent.category.LAUNCHER] cmp=com.example.dogglers/.HorizontalListActivity }, activity.getIntent()=Intent { act=android.intent.action.MAIN cat=[android.intent.category.LAUNCHER] flg=0x10000000 cmp=com.example.dogglers/androidx.test.core.app.InstrumentationActivityInvoker$EmptyActivity }, activity=androidx.test.core.app.InstrumentationActivityInvoker$EmptyActivity@3ffb09f
06-06 14:15:07.258 16690 16690 D LifecycleMonitor: Lifecycle status change: androidx.test.core.app.InstrumentationActivityInvoker$BootstrapActivity@9883f01 in: DESTROYED
06-06 14:15:07.258 16690 16690 V ActivityScenario: Activity lifecycle changed event received but ignored because the intent does not match. startActivityIntent=Intent { act=android.intent.action.MAIN cat=[android.intent.category.LAUNCHER] cmp=com.example.dogglers/.HorizontalListActivity }, activity.getIntent()=Intent { act=android.intent.action.MAIN cat=[android.intent.category.LAUNCHER] flg=0x10008000 cmp=com.example.dogglers/androidx.test.core.app.InstrumentationActivityInvoker$BootstrapActivity (has extras) }, activity=androidx.test.core.app.InstrumentationActivityInvoker$BootstrapActivity@9883f01
06-06 14:15:07.264 16690 16690 D LifecycleMonitor: Lifecycle status change: androidx.test.core.app.InstrumentationActivityInvoker$EmptyActivity@919aa2 in: PRE_ON_CREATE
06-06 14:15:07.265 16690 16690 V ActivityScenario: Activity lifecycle changed event received but ignored because the intent does not match. startActivityIntent=Intent { act=android.intent.action.MAIN cat=[android.intent.category.LAUNCHER] cmp=com.example.dogglers/.HorizontalListActivity }, activity.getIntent()=Intent { act=android.intent.action.MAIN cat=[android.intent.category.LAUNCHER] flg=0x10000000 cmp=com.example.dogglers/androidx.test.core.app.InstrumentationActivityInvoker$EmptyActivity }, activity=androidx.test.core.app.InstrumentationActivityInvoker$EmptyActivity@919aa2
06-06 14:15:07.277 16690 16690 D LifecycleMonitor: Lifecycle status change: androidx.test.core.app.InstrumentationActivityInvoker$EmptyActivity@919aa2 in: CREATED
06-06 14:15:07.277 16690 16690 V ActivityScenario: Activity lifecycle changed event received but ignored because the intent does not match. startActivityIntent=Intent { act=android.intent.action.MAIN cat=[android.intent.category.LAUNCHER] cmp=com.example.dogglers/.HorizontalListActivity }, activity.getIntent()=Intent { act=android.intent.action.MAIN cat=[android.intent.category.LAUNCHER] flg=0x10000000 cmp=com.example.dogglers/androidx.test.core.app.InstrumentationActivityInvoker$EmptyActivity }, activity=androidx.test.core.app.InstrumentationActivityInvoker$EmptyActivity@919aa2
06-06 14:15:07.278 16690 16690 D LifecycleMonitor: Lifecycle status change: androidx.test.core.app.InstrumentationActivityInvoker$EmptyActivity@919aa2 in: STARTED
06-06 14:15:07.278 16690 16690 V ActivityScenario: Activity lifecycle changed event received but ignored because the intent does not match. startActivityIntent=Intent { act=android.intent.action.MAIN cat=[android.intent.category.LAUNCHER] cmp=com.example.dogglers/.HorizontalListActivity }, activity.getIntent()=Intent { act=android.intent.action.MAIN cat=[android.intent.category.LAUNCHER] flg=0x10000000 cmp=com.example.dogglers/androidx.test.core.app.InstrumentationActivityInvoker$EmptyActivity }, activity=androidx.test.core.app.InstrumentationActivityInvoker$EmptyActivity@919aa2
06-06 14:15:07.281 16690 16690 D LifecycleMonitor: Lifecycle status change: androidx.test.core.app.InstrumentationActivityInvoker$EmptyActivity@919aa2 in: RESUMED
06-06 14:15:07.281 16690 16690 V ActivityScenario: Activity lifecycle changed event received but ignored because the intent does not match. startActivityIntent=Intent { act=android.intent.action.MAIN cat=[android.intent.category.LAUNCHER] cmp=com.example.dogglers/.HorizontalListActivity }, activity.getIntent()=Intent { act=android.intent.action.MAIN cat=[android.intent.category.LAUNCHER] flg=0x10000000 cmp=com.example.dogglers/androidx.test.core.app.InstrumentationActivityInvoker$EmptyActivity }, activity=androidx.test.core.app.InstrumentationActivityInvoker$EmptyActivity@919aa2
06-06 14:15:07.300   356 10043 D goldfish-address-space: claimShared: Ask to claim region [0x3f0000000 0x3f0965000]
06-06 14:15:07.312   356 10043 D goldfish-address-space: claimShared: Ask to claim region [0x3f2ef9000 0x3f385e000]
06-06 14:15:07.314   356 10043 D goldfish-address-space: claimShared: Ask to claim region [0x3f0965000 0x3f12ca000]
06-06 14:15:07.321   680   750 I ActivityTaskManager: Displayed com.example.dogglers/androidx.test.core.app.InstrumentationActivityInvoker$EmptyActivity: +111ms
06-06 14:15:07.327 16690 16690 D LifecycleMonitor: Lifecycle status change: androidx.test.core.app.InstrumentationActivityInvoker$EmptyActivity@3ffb09f in: STOPPED
06-06 14:15:07.327 16690 16690 V ActivityScenario: Activity lifecycle changed event received but ignored because the intent does not match. startActivityIntent=Intent { act=android.intent.action.MAIN cat=[android.intent.category.LAUNCHER] cmp=com.example.dogglers/.HorizontalListActivity }, activity.getIntent()=Intent { act=android.intent.action.MAIN cat=[android.intent.category.LAUNCHER] flg=0x10000000 cmp=com.example.dogglers/androidx.test.core.app.InstrumentationActivityInvoker$EmptyActivity }, activity=androidx.test.core.app.InstrumentationActivityInvoker$EmptyActivity@3ffb09f
06-06 14:15:07.341   356 10043 D goldfish-address-space: claimShared: Ask to claim region [0x3f12ca000 0x3f18cd000]
06-06 14:15:07.356 16690 16690 D LifecycleMonitor: Lifecycle status change: androidx.test.core.app.InstrumentationActivityInvoker$EmptyActivity@3ffb09f in: DESTROYED
06-06 14:15:07.356 16690 16690 V ActivityScenario: Activity lifecycle changed event received but ignored because the intent does not match. startActivityIntent=Intent { act=android.intent.action.MAIN cat=[android.intent.category.LAUNCHER] cmp=com.example.dogglers/.HorizontalListActivity }, activity.getIntent()=Intent { act=android.intent.action.MAIN cat=[android.intent.category.LAUNCHER] flg=0x10000000 cmp=com.example.dogglers/androidx.test.core.app.InstrumentationActivityInvoker$EmptyActivity }, activity=androidx.test.core.app.InstrumentationActivityInvoker$EmptyActivity@3ffb09f
06-06 14:15:07.360   680  2492 W InputManager-JNI: Input channel object '25509e3 com.example.dogglers/androidx.test.core.app.InstrumentationActivityInvoker$EmptyActivity (client)' was disposed without first being removed with the input manager!
06-06 14:15:07.364 16690 16690 D LifecycleMonitor: Lifecycle status change: androidx.test.core.app.InstrumentationActivityInvoker$EmptyActivity@919aa2 in: PAUSED
06-06 14:15:07.364 16690 16690 V ActivityScenario: Activity lifecycle changed event received but ignored because the intent does not match. startActivityIntent=Intent { act=android.intent.action.MAIN cat=[android.intent.category.LAUNCHER] cmp=com.example.dogglers/.HorizontalListActivity }, activity.getIntent()=Intent { act=android.intent.action.MAIN cat=[android.intent.category.LAUNCHER] flg=0x10000000 cmp=com.example.dogglers/androidx.test.core.app.InstrumentationActivityInvoker$EmptyActivity }, activity=androidx.test.core.app.InstrumentationActivityInvoker$EmptyActivity@919aa2
06-06 14:15:07.374 16690 16711 I TestRunner: finished: horizontal_scroll_content_at_last_position(com.example.dogglers.HorizontalListTests)
