06-06 14:15:04.488 16690 16711 I TestRunner: started: horizontal_scrolling(com.example.dogglers.HorizontalListTests)
06-06 14:15:04.494 16690 16711 W Settings: Setting always_finish_activities has moved from android.provider.Settings.System to android.provider.Settings.Global, returning read-only value.
06-06 14:15:04.509  1263  1314 D SplashScreenView: Build android.window.SplashScreenView{1ba1be8 V.E...... ......ID 0,0-0,0}
06-06 14:15:04.509  1263  1314 D SplashScreenView: Icon: view: null drawable: null size: 0
06-06 14:15:04.509  1263  1314 D SplashScreenView: Branding: view: android.view.View{e2ec201 G.ED..... ......I. 0,0-0,0 #10204a6 android:id/splashscreen_branding_view} drawable: null size w: 0 h: 0
06-06 14:15:04.537   356   463 D goldfish-address-space: claimShared: Ask to claim region [0x3f0000000 0x3f0965000]
06-06 14:15:04.538 16690 16690 D LifecycleMonitor: Lifecycle status change: androidx.test.core.app.InstrumentationActivityInvoker$BootstrapActivity@f389702 in: PRE_ON_CREATE
06-06 14:15:04.538 16690 16690 V ActivityScenario: Activity lifecycle changed event received but ignored because the intent does not match. startActivityIntent=Intent { act=android.intent.action.MAIN cat=[android.intent.category.LAUNCHER] cmp=com.example.dogglers/.HorizontalListActivity }, activity.getIntent()=Intent { act=android.intent.action.MAIN cat=[android.intent.category.LAUNCHER] flg=0x10008000 cmp=com.example.dogglers/androidx.test.core.app.InstrumentationActivityInvoker$BootstrapActivity (has extras) }, activity=androidx.test.core.app.InstrumentationActivityInvoker$BootstrapActivity@f389702
06-06 14:15:04.546 16690 16690 D LifecycleMonitor: Lifecycle status change: androidx.test.core.app.InstrumentationActivityInvoker$BootstrapActivity@f389702 in: CREATED
06-06 14:15:04.546 16690 16690 V ActivityScenario: Activity lifecycle changed event received but ignored because the intent does not match. startActivityIntent=Intent { act=android.intent.action.MAIN cat=[android.intent.category.LAUNCHER] cmp=com.example.dogglers/.HorizontalListActivity }, activity.getIntent()=Intent { act=android.intent.action.MAIN cat=[android.intent.category.LAUNCHER] flg=0x10008000 cmp=com.example.dogglers/androidx.test.core.app.InstrumentationActivityInvoker$BootstrapActivity (has extras) }, activity=androidx.test.core.app.InstrumentationActivityInvoker$BootstrapActivity@f389702
06-06 14:15:04.551   356 10043 D goldfish-address-space: claimShared: Ask to claim region [0x3f0965000 0x3f12ca000]
06-06 14:15:04.553 16690 16690 D LifecycleMonitor: Lifecycle status change: androidx.test.core.app.InstrumentationActivityInvoker$BootstrapActivity@f389702 in: STARTED
06-06 14:15:04.555 16690 16690 V ActivityScenario: Activity lifecycle changed event received but ignored because the intent does not match. startActivityIntent=Intent { act=android.intent.action.MAIN cat=[android.intent.category.LAUNCHER] cmp=com.example.dogglers/.HorizontalListActivity }, activity.getIntent()=Intent { act=android.intent.action.MAIN cat=[android.intent.category.LAUNCHER] flg=0x10008000 cmp=com.example.dogglers/androidx.test.core.app.InstrumentationActivityInvoker$BootstrapActivity (has extras) }, activity=androidx.test.core.app.InstrumentationActivityInvoker$BootstrapActivity@f389702
06-06 14:15:04.559   356 10043 D goldfish-address-space: claimShared: Ask to claim region [0x3f12ca000 0x3f1c2f000]
06-06 14:15:04.565 16690 16690 D LifecycleMonitor: Lifecycle status change: androidx.test.core.app.InstrumentationActivityInvoker$BootstrapActivity@f389702 in: RESUMED
06-06 14:15:04.565 16690 16690 V ActivityScenario: Activity lifecycle changed event received but ignored because the intent does not match. startActivityIntent=Intent { act=android.intent.action.MAIN cat=[android.intent.category.LAUNCHER] cmp=com.example.dogglers/.HorizontalListActivity }, activity.getIntent()=Intent { act=android.intent.action.MAIN cat=[android.intent.category.LAUNCHER] flg=0x10008000 cmp=com.example.dogglers/androidx.test.core.app.InstrumentationActivityInvoker$BootstrapActivity (has extras) }, activity=androidx.test.core.app.InstrumentationActivityInvoker$BootstrapActivity@f389702
06-06 14:15:04.575 16690 16690 D LifecycleMonitor: Lifecycle status change: androidx.test.core.app.InstrumentationActivityInvoker$BootstrapActivity@f389702 in: PAUSED
06-06 14:15:04.576 16690 16690 V ActivityScenario: Activity lifecycle changed event received but ignored because the intent does not match. startActivityIntent=Intent { act=android.intent.action.MAIN cat=[android.intent.category.LAUNCHER] cmp=com.example.dogglers/.HorizontalListActivity }, activity.getIntent()=Intent { act=android.intent.action.MAIN cat=[android.intent.category.LAUNCHER] flg=0x10008000 cmp=com.example.dogglers/androidx.test.core.app.InstrumentationActivityInvoker$BootstrapActivity (has extras) }, activity=androidx.test.core.app.InstrumentationActivityInvoker$BootstrapActivity@f389702
06-06 14:15:04.593 16690 16690 D LifecycleMonitor: Lifecycle status change: com.example.dogglers.HorizontalListActivity@b33ee14 in: PRE_ON_CREATE
06-06 14:15:04.594 16690 16690 V ActivityScenario: Activity lifecycle changed event received but ignored because the reported transition was not ON_CREATE while the last known transition was PRE_ON_CREATE
06-06 14:15:04.611  2625  2625 I A       : onApplyWindowInsets: systemWindowInsets=Insets{left=0, top=83, right=0, bottom=132}
06-06 14:15:04.611  2625  2625 I A       : onApplyWindowInsets: systemWindowInsets=Insets{left=0, top=83, right=0, bottom=132}
06-06 14:15:04.616 16690 16690 D LifecycleMonitor: Lifecycle status change: com.example.dogglers.HorizontalListActivity@b33ee14 in: CREATED
06-06 14:15:04.616 16690 16690 V ActivityScenario: Update currentActivityStage to CREATED, currentActivity=com.example.dogglers.HorizontalListActivity@b33ee14
06-06 14:15:04.619 16690 16690 D LifecycleMonitor: Lifecycle status change: com.example.dogglers.HorizontalListActivity@b33ee14 in: STARTED
06-06 14:15:04.620 16690 16690 V ActivityScenario: Update currentActivityStage to STARTED, currentActivity=com.example.dogglers.HorizontalListActivity@b33ee14
06-06 14:15:04.621 16690 16690 D LifecycleMonitor: Lifecycle status change: com.example.dogglers.HorizontalListActivity@b33ee14 in: RESUMED
06-06 14:15:04.622 16690 16690 V ActivityScenario: Update currentActivityStage to RESUMED, currentActivity=com.example.dogglers.HorizontalListActivity@b33ee14
06-06 14:15:04.627  2853  2853 I GsaVoiceInteractionSrv: Handling ACTION_STOP_HOTWORD
06-06 14:15:04.627  2853  2853 E HwDetectorWithState: a: 3
06-06 14:15:04.661   356 10043 D goldfish-address-space: claimShared: Ask to claim region [0x3f1c2f000 0x3f2594000]
06-06 14:15:04.666   356 10043 D goldfish-address-space: claimShared: Ask to claim region [0x3f2594000 0x3f2ef9000]
06-06 14:15:04.674   356 10043 D goldfish-address-space: claimShared: Ask to claim region [0x3f2ef9000 0x3f385e000]
06-06 14:15:04.699 16690 16690 D RootViewPicker: Root not ready - waiting: 10ms for one to appear.
06-06 14:15:04.702  1845  1845 I GoogleInputMethodService: GoogleInputMethodService.onFinishInput():3420
06-06 14:15:04.702  1845  1845 I GoogleInputMethodService: GoogleInputMethodService.onStartInput():2002
06-06 14:15:04.705  1845  1845 I DeviceUnlockedTag: DeviceUnlockedTag.notifyDeviceLockStatusChanged():31 Notify device unlocked.
06-06 14:15:04.780 16690 16690 I ViewInteraction: Performing 'fast swipe' action on view view.getId() is <2131230948/com.example.dogglers:id/horizontal_recycler_view>
06-06 14:15:04.900   365   365 E android.hardware.power.stats@1.0-service-mock: Failed to getEnergyData
06-06 14:15:04.978 16690 16690 D LifecycleMonitor: Lifecycle status change: androidx.test.core.app.InstrumentationActivityInvoker$BootstrapActivity@f389702 in: STOPPED
06-06 14:15:04.979 16690 16690 V ActivityScenario: Activity lifecycle changed event received but ignored because the intent does not match. startActivityIntent=Intent { act=android.intent.action.MAIN cat=[android.intent.category.LAUNCHER] cmp=com.example.dogglers/.HorizontalListActivity }, activity.getIntent()=Intent { act=android.intent.action.MAIN cat=[android.intent.category.LAUNCHER] flg=0x10008000 cmp=com.example.dogglers/androidx.test.core.app.InstrumentationActivityInvoker$BootstrapActivity (has extras) }, activity=androidx.test.core.app.InstrumentationActivityInvoker$BootstrapActivity@f389702
06-06 14:15:04.980   680  2492 W InputManager-JNI: Input channel object 'cb555ff Splash Screen com.example.dogglers (client)' was disposed without first being removed with the input manager!
06-06 14:15:05.056 16690 16690 I ViewInteraction: Checking 'MatchesViewAssertion{viewMatcher=(view has effective visibility <VISIBLE> and view.getGlobalVisibleRect() to return non-empty rectangle)}' assertion on view an instance of android.widget.TextView and view.getText() with or without transformation to match: is "Frankie"
06-06 14:15:05.697 16690 16713 D EGL_emulation: app_time_stats: avg=3.78ms min=1.57ms max=35.94ms count=58
06-06 14:15:05.912 16690 16690 D LifecycleMonitor: Lifecycle status change: com.example.dogglers.HorizontalListActivity@b33ee14 in: PAUSED
06-06 14:15:05.913 16690 16690 V ActivityScenario: Update currentActivityStage to PAUSED, currentActivity=com.example.dogglers.HorizontalListActivity@b33ee14
06-06 14:15:05.922 16690 16690 D LifecycleMonitor: Lifecycle status change: androidx.test.core.app.InstrumentationActivityInvoker$EmptyActivity@ed0aa2a in: PRE_ON_CREATE
06-06 14:15:05.923 16690 16690 V ActivityScenario: Activity lifecycle changed event received but ignored because the intent does not match. startActivityIntent=Intent { act=android.intent.action.MAIN cat=[android.intent.category.LAUNCHER] cmp=com.example.dogglers/.HorizontalListActivity }, activity.getIntent()=Intent { act=android.intent.action.MAIN cat=[android.intent.category.LAUNCHER] flg=0x10000000 cmp=com.example.dogglers/androidx.test.core.app.InstrumentationActivityInvoker$EmptyActivity }, activity=androidx.test.core.app.InstrumentationActivityInvoker$EmptyActivity@ed0aa2a
06-06 14:15:05.931 16690 16690 D LifecycleMonitor: Lifecycle status change: androidx.test.core.app.InstrumentationActivityInvoker$EmptyActivity@ed0aa2a in: CREATED
06-06 14:15:05.931 16690 16690 V ActivityScenario: Activity lifecycle changed event received but ignored because the intent does not match. startActivityIntent=Intent { act=android.intent.action.MAIN cat=[android.intent.category.LAUNCHER] cmp=com.example.dogglers/.HorizontalListActivity }, activity.getIntent()=Intent { act=android.intent.action.MAIN cat=[android.intent.category.LAUNCHER] flg=0x10000000 cmp=com.example.dogglers/androidx.test.core.app.InstrumentationActivityInvoker$EmptyActivity }, activity=androidx.test.core.app.InstrumentationActivityInvoker$EmptyActivity@ed0aa2a
06-06 14:15:05.933 16690 16690 D LifecycleMonitor: Lifecycle status change: androidx.test.core.app.InstrumentationActivityInvoker$EmptyActivity@ed0aa2a in: STARTED
06-06 14:15:05.934 16690 16690 V ActivityScenario: Activity lifecycle changed event received but ignored because the intent does not match. startActivityIntent=Intent { act=android.intent.action.MAIN cat=[android.intent.category.LAUNCHER] cmp=com.example.dogglers/.HorizontalListActivity }, activity.getIntent()=Intent { act=android.intent.action.MAIN cat=[android.intent.category.LAUNCHER] flg=0x10000000 cmp=com.example.dogglers/androidx.test.core.app.InstrumentationActivityInvoker$EmptyActivity }, activity=androidx.test.core.app.InstrumentationActivityInvoker$EmptyActivity@ed0aa2a
06-06 14:15:05.938 16690 16690 D LifecycleMonitor: Lifecycle status change: androidx.test.core.app.InstrumentationActivityInvoker$EmptyActivity@ed0aa2a in: RESUMED
06-06 14:15:05.938 16690 16690 V ActivityScenario: Activity lifecycle changed event received but ignored because the intent does not match. startActivityIntent=Intent { act=android.intent.action.MAIN cat=[android.intent.category.LAUNCHER] cmp=com.example.dogglers/.HorizontalListActivity }, activity.getIntent()=Intent { act=android.intent.action.MAIN cat=[android.intent.category.LAUNCHER] flg=0x10000000 cmp=com.example.dogglers/androidx.test.core.app.InstrumentationActivityInvoker$EmptyActivity }, activity=androidx.test.core.app.InstrumentationActivityInvoker$EmptyActivity@ed0aa2a
06-06 14:15:05.962   356 10043 D goldfish-address-space: claimShared: Ask to claim region [0x3f0000000 0x3f0965000]
06-06 14:15:05.977   356 10043 D goldfish-address-space: claimShared: Ask to claim region [0x3f0965000 0x3f12ca000]
06-06 14:15:05.981   356 10043 D goldfish-address-space: claimShared: Ask to claim region [0x3f12ca000 0x3f1c2f000]
06-06 14:15:06.000   680   750 I ActivityTaskManager: Displayed com.example.dogglers/androidx.test.core.app.InstrumentationActivityInvoker$EmptyActivity: +1s499ms
06-06 14:15:06.016 16690 16690 D LifecycleMonitor: Lifecycle status change: com.example.dogglers.HorizontalListActivity@b33ee14 in: STOPPED
06-06 14:15:06.017 16690 16690 V ActivityScenario: Update currentActivityStage to STOPPED, currentActivity=com.example.dogglers.HorizontalListActivity@b33ee14
06-06 14:15:06.023 16690 16690 D LifecycleMonitor: Lifecycle status change: com.example.dogglers.HorizontalListActivity@b33ee14 in: DESTROYED
06-06 14:15:06.023 16690 16690 V ActivityScenario: Update currentActivityStage to DESTROYED, currentActivity=null
06-06 14:15:06.026   680  3016 W InputManager-JNI: Input channel object 'f15bfdf com.example.dogglers/com.example.dogglers.HorizontalListActivity (client)' was disposed without first being removed with the input manager!
06-06 14:15:06.033 16690 16690 D LifecycleMonitor: Lifecycle status change: androidx.test.core.app.InstrumentationActivityInvoker$EmptyActivity@ed0aa2a in: PAUSED
06-06 14:15:06.034 16690 16690 V ActivityScenario: Activity lifecycle changed event received but ignored because the intent does not match. startActivityIntent=Intent { act=android.intent.action.MAIN cat=[android.intent.category.LAUNCHER] cmp=com.example.dogglers/.HorizontalListActivity }, activity.getIntent()=Intent { act=android.intent.action.MAIN cat=[android.intent.category.LAUNCHER] flg=0x10000000 cmp=com.example.dogglers/androidx.test.core.app.InstrumentationActivityInvoker$EmptyActivity }, activity=androidx.test.core.app.InstrumentationActivityInvoker$EmptyActivity@ed0aa2a
06-06 14:15:06.045 16690 16690 D LifecycleMonitor: Lifecycle status change: androidx.test.core.app.InstrumentationActivityInvoker$BootstrapActivity@f389702 in: DESTROYED
06-06 14:15:06.045 16690 16690 V ActivityScenario: Activity lifecycle changed event received but ignored because the intent does not match. startActivityIntent=Intent { act=android.intent.action.MAIN cat=[android.intent.category.LAUNCHER] cmp=com.example.dogglers/.HorizontalListActivity }, activity.getIntent()=Intent { act=android.intent.action.MAIN cat=[android.intent.category.LAUNCHER] flg=0x10008000 cmp=com.example.dogglers/androidx.test.core.app.InstrumentationActivityInvoker$BootstrapActivity (has extras) }, activity=androidx.test.core.app.InstrumentationActivityInvoker$BootstrapActivity@f389702
06-06 14:15:06.053 16690 16690 D LifecycleMonitor: Lifecycle status change: androidx.test.core.app.InstrumentationActivityInvoker$EmptyActivity@1495fc9 in: PRE_ON_CREATE
06-06 14:15:06.053 16690 16690 V ActivityScenario: Activity lifecycle changed event received but ignored because the intent does not match. startActivityIntent=Intent { act=android.intent.action.MAIN cat=[android.intent.category.LAUNCHER] cmp=com.example.dogglers/.HorizontalListActivity }, activity.getIntent()=Intent { act=android.intent.action.MAIN cat=[android.intent.category.LAUNCHER] flg=0x10000000 cmp=com.example.dogglers/androidx.test.core.app.InstrumentationActivityInvoker$EmptyActivity }, activity=androidx.test.core.app.InstrumentationActivityInvoker$EmptyActivity@1495fc9
06-06 14:15:06.060 16690 16690 D LifecycleMonitor: Lifecycle status change: androidx.test.core.app.InstrumentationActivityInvoker$EmptyActivity@1495fc9 in: CREATED
06-06 14:15:06.060 16690 16690 V ActivityScenario: Activity lifecycle changed event received but ignored because the intent does not match. startActivityIntent=Intent { act=android.intent.action.MAIN cat=[android.intent.category.LAUNCHER] cmp=com.example.dogglers/.HorizontalListActivity }, activity.getIntent()=Intent { act=android.intent.action.MAIN cat=[android.intent.category.LAUNCHER] flg=0x10000000 cmp=com.example.dogglers/androidx.test.core.app.InstrumentationActivityInvoker$EmptyActivity }, activity=androidx.test.core.app.InstrumentationActivityInvoker$EmptyActivity@1495fc9
06-06 14:15:06.061 16690 16690 D LifecycleMonitor: Lifecycle status change: androidx.test.core.app.InstrumentationActivityInvoker$EmptyActivity@1495fc9 in: STARTED
06-06 14:15:06.061 16690 16690 V ActivityScenario: Activity lifecycle changed event received but ignored because the intent does not match. startActivityIntent=Intent { act=android.intent.action.MAIN cat=[android.intent.category.LAUNCHER] cmp=com.example.dogglers/.HorizontalListActivity }, activity.getIntent()=Intent { act=android.intent.action.MAIN cat=[android.intent.category.LAUNCHER] flg=0x10000000 cmp=com.example.dogglers/androidx.test.core.app.InstrumentationActivityInvoker$EmptyActivity }, activity=androidx.test.core.app.InstrumentationActivityInvoker$EmptyActivity@1495fc9
06-06 14:15:06.064 16690 16690 D LifecycleMonitor: Lifecycle status change: androidx.test.core.app.InstrumentationActivityInvoker$EmptyActivity@1495fc9 in: RESUMED
06-06 14:15:06.064 16690 16690 V ActivityScenario: Activity lifecycle changed event received but ignored because the intent does not match. startActivityIntent=Intent { act=android.intent.action.MAIN cat=[android.intent.category.LAUNCHER] cmp=com.example.dogglers/.HorizontalListActivity }, activity.getIntent()=Intent { act=android.intent.action.MAIN cat=[android.intent.category.LAUNCHER] flg=0x10000000 cmp=com.example.dogglers/androidx.test.core.app.InstrumentationActivityInvoker$EmptyActivity }, activity=androidx.test.core.app.InstrumentationActivityInvoker$EmptyActivity@1495fc9
06-06 14:15:06.081   356 10043 D goldfish-address-space: claimShared: Ask to claim region [0x3f1c2f000 0x3f2594000]
06-06 14:15:06.086   356 10043 D goldfish-address-space: claimShared: Ask to claim region [0x3f2594000 0x3f2ef9000]
06-06 14:15:06.092   356 10043 D goldfish-address-space: claimShared: Ask to claim region [0x3f2ef9000 0x3f385e000]
06-06 14:15:06.099   680   750 I ActivityTaskManager: Displayed com.example.dogglers/androidx.test.core.app.InstrumentationActivityInvoker$EmptyActivity: +89ms
06-06 14:15:06.115   356 10043 D goldfish-address-space: claimShared: Ask to claim region [0x3f385e000 0x3f3e61000]
06-06 14:15:06.131 16690 16690 D LifecycleMonitor: Lifecycle status change: androidx.test.core.app.InstrumentationActivityInvoker$EmptyActivity@ed0aa2a in: STOPPED
06-06 14:15:06.131 16690 16690 V ActivityScenario: Activity lifecycle changed event received but ignored because the intent does not match. startActivityIntent=Intent { act=android.intent.action.MAIN cat=[android.intent.category.LAUNCHER] cmp=com.example.dogglers/.HorizontalListActivity }, activity.getIntent()=Intent { act=android.intent.action.MAIN cat=[android.intent.category.LAUNCHER] flg=0x10000000 cmp=com.example.dogglers/androidx.test.core.app.InstrumentationActivityInvoker$EmptyActivity }, activity=androidx.test.core.app.InstrumentationActivityInvoker$EmptyActivity@ed0aa2a
06-06 14:15:06.140 16690 16690 D LifecycleMonitor: Lifecycle status change: androidx.test.core.app.InstrumentationActivityInvoker$EmptyActivity@ed0aa2a in: DESTROYED
06-06 14:15:06.140 16690 16690 V ActivityScenario: Activity lifecycle changed event received but ignored because the intent does not match. startActivityIntent=Intent { act=android.intent.action.MAIN cat=[android.intent.category.LAUNCHER] cmp=com.example.dogglers/.HorizontalListActivity }, activity.getIntent()=Intent { act=android.intent.action.MAIN cat=[android.intent.category.LAUNCHER] flg=0x10000000 cmp=com.example.dogglers/androidx.test.core.app.InstrumentationActivityInvoker$EmptyActivity }, activity=androidx.test.core.app.InstrumentationActivityInvoker$EmptyActivity@ed0aa2a
06-06 14:15:06.144   680  2492 W InputManager-JNI: Input channel object 'c8c1fea com.example.dogglers/androidx.test.core.app.InstrumentationActivityInvoker$EmptyActivity (client)' was disposed without first being removed with the input manager!
06-06 14:15:06.151 16690 16690 D LifecycleMonitor: Lifecycle status change: androidx.test.core.app.InstrumentationActivityInvoker$EmptyActivity@1495fc9 in: PAUSED
06-06 14:15:06.152 16690 16690 V ActivityScenario: Activity lifecycle changed event received but ignored because the intent does not match. startActivityIntent=Intent { act=android.intent.action.MAIN cat=[android.intent.category.LAUNCHER] cmp=com.example.dogglers/.HorizontalListActivity }, activity.getIntent()=Intent { act=android.intent.action.MAIN cat=[android.intent.category.LAUNCHER] flg=0x10000000 cmp=com.example.dogglers/androidx.test.core.app.InstrumentationActivityInvoker$EmptyActivity }, activity=androidx.test.core.app.InstrumentationActivityInvoker$EmptyActivity@1495fc9
06-06 14:15:06.165 16690 16711 I TestRunner: finished: horizontal_scrolling(com.example.dogglers.HorizontalListTests)
